<?xml version="1.0" ?>
<mxCell id="2">
	<mxGeometry width="15" height="12" as="geometry"/>
</mxCell>
