<?xml version="1.0" ?>
<UserObject id="1" label="Hello">
	<mxCell id="2"/>
</UserObject>
