<?xml version="1.0" ?>
<mxRectangle x="10" y="11" width="12" height="13"/>
