<?xml version="1.0" ?>
<mxGeometry width="15" height="12"/>
