<?xml version="1.0" ?>
<mxCell id="1" parent="0"/>
